// Jest Snapshot v1, https://goo.gl/fbAQLP

exports[`Pruebas sobre el componente Counter App debe mostrar Correctamente <CounterApp /> 1`] = `
<Fragment>
  <h1>
    CounterApp
  </h1>
  <p>
    5
  </p>
  <button
    onClick={[Function]}
  >
    +1
  </button>
  <button
    onClick={[Function]}
  >
    Reset
  </button>
  <button
    onClick={[Function]}
  >
    -1
  </button>
</Fragment>
`;
